// Jest Snapshot v1, https://goo.gl/fbAQLP

exports[`Pull requests Repos with stale bot PRs are processed 1`] = `
Array [
  Array [
    Object {
      "body": "Foo 210 bar",
      "issue_number": 2,
      "owner": "bcgov",
      "repo": "hello6",
    },
  ],
]
`;
