// Jest Snapshot v1, https://goo.gl/fbAQLP

exports[`Template Snapshots Process template for inactive repository issues 1`] = `"Bla 14 days. Blarb 7 days."`;
